Running Gradle task 'assembleDebug'...                          
flutter : lib/main.d
art:4224:46: Error: 
The setter 
'_currencyExpanded' 
isn't defined for 
the type '_SettingsS
creenState'.
At line:1 char:1
+ flutter build apk 
--debug 2>&1 | 
Out-File -FilePath 
build_output.txt; 
...
+ ~~~~~~~~~~~~~~~~~~
~~~~~~~~~~~~
    + CategoryInfo  
            : NotS  
  pecified: (lib/   
 main.dart:4...g    
sScreenState'.:    
String) [], Rem    
oteException
    + FullyQualifie 
   dErrorId : Nati  
  veCommandError
 
 - '_SettingsScreenS
tate' is from 'packa
ge:quan_ly_chi_tieu/
main.dart' 
('lib/main.dart').
Try correcting the 
name to the name of 
an existing setter, 
or defining a 
setter or field 
named 
'_currencyExpanded'.
                    
  if 
(_languageExpanded) 
_currencyExpanded = 
false;
                    
                    
     
^^^^^^^^^^^^^^^^^
lib/main.dart:4308:3
3: Error: The 
getter 
'_currencyExpanded' 
isn't defined for 
the type '_SettingsS
creenState'.
 - '_SettingsScreenS
tate' is from 'packa
ge:quan_ly_chi_tieu/
main.dart' 
('lib/main.dart').
Try correcting the 
name to the name of 
an existing getter, 
or defining a 
getter or field 
named 
'_currencyExpanded'.
                    
    border: 
_currencyExpanded 
                    
            
^^^^^^^^^^^^^^^^^
lib/main.dart:4329:3
3: Error: The 
getter 
'_selectedCurrency' 
isn't defined for 
the type '_SettingsS
creenState'.
 - '_SettingsScreenS
tate' is from 'packa
ge:quan_ly_chi_tieu/
main.dart' 
('lib/main.dart').
Try correcting the 
name to the name of 
an existing getter, 
or defining a 
getter or field 
named 
'_selectedCurrency'.
                    
            
_selectedCurrency 
== '─æ' ? 'Γé½ VND' 
: '\$ USD',
                    
            
^^^^^^^^^^^^^^^^^
lib/main.dart:4338:3
3: Error: The 
getter 
'_currencyExpanded' 
isn't defined for 
the type '_SettingsS
creenState'.
 - '_SettingsScreenS
tate' is from 'packa
ge:quan_ly_chi_tieu/
main.dart' 
('lib/main.dart').
Try correcting the 
name to the name of 
an existing getter, 
or defining a 
getter or field 
named 
'_currencyExpanded'.
                    
            
_currencyExpanded ? 
Icons.expand_less : 
Icons.expand_more,
                    
            
^^^^^^^^^^^^^^^^^
lib/main.dart:4344:3
1: Error: The 
getter 
'_currencyExpanded' 
isn't defined for 
the type '_SettingsS
creenState'.
 - '_SettingsScreenS
tate' is from 'packa
ge:quan_ly_chi_tieu/
main.dart' 
('lib/main.dart').
Try correcting the 
name to the name of 
an existing getter, 
or defining a 
getter or field 
named 
'_currencyExpanded'.
                    
      if 
(_currencyExpanded) 
...[
                    
          
^^^^^^^^^^^^^^^^^
lib/main.dart:4352:3
7: Error: The 
getter 
'_selectedCurrency' 
isn't defined for 
the type '_SettingsS
creenState'.
 - '_SettingsScreenS
tate' is from 'packa
ge:quan_ly_chi_tieu/
main.dart' 
('lib/main.dart').
Try correcting the 
name to the name of 
an existing getter, 
or defining a 
getter or field 
named 
'_selectedCurrency'.
                    
                
_selectedCurrency 
== '─æ',
                    
                
^^^^^^^^^^^^^^^^^
lib/main.dart:4353:4
3: Error: The 
method 
'_setCurrency' 
isn't defined for 
the type '_SettingsS
creenState'.
 - '_SettingsScreenS
tate' is from 'packa
ge:quan_ly_chi_tieu/
main.dart' 
('lib/main.dart').
Try correcting the 
name to the name of 
an existing method, 
or defining a 
method named 
'_setCurrency'.
                    
                () 
=> 
_setCurrency('─æ'),
                    
                    
  ^^^^^^^^^^^^
lib/main.dart:4361:3
7: Error: The 
getter 
'_selectedCurrency' 
isn't defined for 
the type '_SettingsS
creenState'.
 - '_SettingsScreenS
tate' is from 'packa
ge:quan_ly_chi_tieu/
main.dart' 
('lib/main.dart').
Try correcting the 
name to the name of 
an existing getter, 
or defining a 
getter or field 
named 
'_selectedCurrency'.
                    
                
_selectedCurrency 
== '\$',
                    
                
^^^^^^^^^^^^^^^^^
lib/main.dart:4362:4
3: Error: The 
method 
'_setCurrency' 
isn't defined for 
the type '_SettingsS
creenState'.
 - '_SettingsScreenS
tate' is from 'packa
ge:quan_ly_chi_tieu/
main.dart' 
('lib/main.dart').
Try correcting the 
name to the name of 
an existing method, 
or defining a 
method named 
'_setCurrency'.
                    
                () 
=> 
_setCurrency('\$'),
                    
                    
  ^^^^^^^^^^^^
lib/main.dart:4300:4
4: Error: The 
getter 
'_currencyExpanded' 
isn't defined for 
the type '_SettingsS
creenState'.
 - '_SettingsScreenS
tate' is from 'packa
ge:quan_ly_chi_tieu/
main.dart' 
('lib/main.dart').
Try correcting the 
name to the name of 
an existing getter, 
or defining a 
getter or field 
named 
'_currencyExpanded'.
                    
  _currencyExpanded 
= 
!_currencyExpanded;
                    
                    
   ^^^^^^^^^^^^^^^^^
lib/main.dart:4300:2
3: Error: The 
setter 
'_currencyExpanded' 
isn't defined for 
the type '_SettingsS
creenState'.
 - '_SettingsScreenS
tate' is from 'packa
ge:quan_ly_chi_tieu/
main.dart' 
('lib/main.dart').
Try correcting the 
name to the name of 
an existing setter, 
or defining a 
setter or field 
named 
'_currencyExpanded'.
                    
  _currencyExpanded 
= 
!_currencyExpanded;
                    
  ^^^^^^^^^^^^^^^^^
lib/main.dart:4301:2
7: Error: The 
getter 
'_currencyExpanded' 
isn't defined for 
the type '_SettingsS
creenState'.
 - '_SettingsScreenS
tate' is from 'packa
ge:quan_ly_chi_tieu/
main.dart' 
('lib/main.dart').
Try correcting the 
name to the name of 
an existing getter, 
or defining a 
getter or field 
named 
'_currencyExpanded'.
                    
  if 
(_currencyExpanded) 
_languageExpanded = 
false;
                    
      
^^^^^^^^^^^^^^^^^
Target kernel_snapsh
ot_program failed: 
Exception


FAILURE: Build 
failed with an 
exception.

* What went wrong:
Execution failed 
for task ':app:compi
leFlutterBuildDebug'
.
> Process 'command '
D:\src\flutter\bin\f
lutter.bat'' 
finished with 
non-zero exit value 
1

* Try:
> Run with 
--stacktrace option 
to get the stack 
trace.
> Run with --info 
or --debug option 
to get more log 
output.
> Run with --scan 
to get full 
insights.
> Get more help at h
ttps://help.gradle.o
rg.

BUILD FAILED in 8s
Running Gradle task 'assembleDebug'...                              8,8s
Gradle task 
assembleDebug 
failed with exit 
code 1
